---
source: flecs_ecs/examples/flecs/z_snapshot_test.rs
expression: str_output
---
"Alice eats 4 Apples\nBob eats 10 Apples\nBob eats 5 Pears\n"
