---
source: flecs_ecs/examples/flecs/z_snapshot_test.rs
expression: str_output
---
"Entity found: \"::e2\"\n"
