---
source: flecs_ecs/examples/flecs/z_snapshot_test.rs
expression: str_output
---
"e1: { 11, 22 }\ne2: { 13, 24 }\n"
