---
source: flecs_ecs/examples/flecs/z_snapshot_test.rs
expression: str_output
---
"\nTable: Some(examples.query_iter.Position, examples.query_iter.Velocity, (Identifier,Name))\n - number of entities: 2\n\n - term 0 : \n   - component: examples.query_iter.Position\n   - type size: 8\n - term 1 : \n   - component: examples.query_iter.Velocity\n   - type size: 8\n\n - entity e1: has Position { x: 11.0, y: 22.0 }\n - entity e2: has Position { x: 13.0, y: 24.0 }\n\n\nTable: Some(examples.query_iter.Position, examples.query_iter.Velocity, examples.query_iter.Mass, (Identifier,Name))\n - number of entities: 1\n\n - term 0 : \n   - component: examples.query_iter.Position\n   - type size: 8\n - term 1 : \n   - component: examples.query_iter.Velocity\n   - type size: 8\n\n - entity e3: has Position { x: 14.0, y: 25.0 }\n\n"
