---
source: flecs_ecs/examples/common.rs
expression: self.str
---
- "Instance type: [entity_prefab.common.Position, (Identifier,Name), (IsA,MammothFreighter)]"
- "ImpulseSpeed: 50"
- "Entity my_mammoth_freighter: Position { x: 50.0, y: 0.0 }"
