---
source: flecs_ecs/examples/common.rs
expression: self.str
---
- " - OnSet: observer_propagate.common.Position: e: self: { 10, 20 }, parent: { 1, 2 }"
