---
source: flecs_ecs/examples/common.rs
expression: self.str
---
- "Entity found: \"::e2\""
