---
source: flecs_ecs/examples/common.rs
expression: self.str
---
- Startup
- Update
- Update
