---
source: flecs_ecs/examples/common
expression: self.str
---
- "Player 1 trades with Player 2: true"
- "Player 2 trades with Player 1: true"
